[0, 1, 4, 9, 16, 25, 36, 49, 64, 81]
[0, 1, 16, 81, 256, 625, 1296, 2401, 4096, 6561]
[None]
[100]